// Vitest Snapshot v1, https://vitest.dev/guide/snapshot.html

exports[`Custom nodes 1`] = `
"$A

address

$A

$CTA

call to action

$CTA

$C

contact

$C

$E

example callout$E

^information callout^

%warning callout%"
`;

exports[`Links and email links 1`] = `
"[link](example.com)

<contact@example.com>

[link](mailto:contact@example.com)"
`;
