// Vitest Snapshot v1, https://vitest.dev/guide/snapshot.html

exports[`Custom nodes 1`] = `
"$A
address
$A

$CTA

call to action

$CTA

$C

contact

$C

$E

example callout$E

[Image: example.jpg]

^information callout^

%warning callout%"
`;

exports[`Links and email links 1`] = `
"[link](example.com)

<contact@example.com>

[link](mailto:contact@example.com)"
`;

exports[`Steps 1`] = `
"s1. step1
s2. step2
s3. step3


"
`;
